// Jest Snapshot v1, https://goo.gl/fbAQLP

exports[`TEST ON <CounterApp/> should match with the snapshot  1`] = `
<div>
  <div>
    <h1>
       Counter App 
    </h1>
    <h2>
        
      100
       
    </h2>
    <button>
       +1 
    </button>
    <button>
       -1 
    </button>
    <button
      aria-label="btn-reset"
    >
       Reset 
    </button>
  </div>
</div>
`;
